IGNORE

JahnaviP@LAPTOP-S6BL64S9 MINGW64 ~/Desktop/dummy2 (master)
$ cd git-ignore
bash: cd: git-ignore: No such file or directory

JahnaviP@LAPTOP-S6BL64S9 MINGW64 ~/Desktop/dummy2 (master)
$ cd ignore

JahnaviP@LAPTOP-S6BL64S9 MINGW64 ~/Desktop/dummy2/ignore (master)
$ source setup.sh
Initialized empty Git repository in C:/Users/JahnaviP/Desktop/dummy2/ignore/exercise/.git/
Switched to a new branch 'master'

JahnaviP@LAPTOP-S6BL64S9 MINGW64 ~/Desktop/dummy2/ignore/exercise (master)
$ touch foo.s

JahnaviP@LAPTOP-S6BL64S9 MINGW64 ~/Desktop/dummy2/ignore/exercise (master)
$ git status
On branch master

No commits yet

Untracked files:
  (use "git add <file>..." to include in what will be committed)
        file1.txt
        foo.s

nothing added to commit but untracked files present (use "git add" to track)

JahnaviP@LAPTOP-S6BL64S9 MINGW64 ~/Desktop/dummy2/ignore/exercise (master)
$ touch .gitignore

JahnaviP@LAPTOP-S6BL64S9 MINGW64 ~/Desktop/dummy2/ignore/exercise (master)
$ vi .gitignore

JahnaviP@LAPTOP-S6BL64S9 MINGW64 ~/Desktop/dummy2/ignore/exercise (master)
$ git status
On branch master

No commits yet

Untracked files:
  (use "git add <file>..." to include in what will be committed)
        .gitignore
        file1.txt

nothing added to commit but untracked files present (use "git add" to track)

JahnaviP@LAPTOP-S6BL64S9 MINGW64 ~/Desktop/dummy2/ignore/exercise (master)
$ git add .gitignore
warning: in the working copy of '.gitignore', LF will be replaced by CRLF the next time Git touches it

JahnaviP@LAPTOP-S6BL64S9 MINGW64 ~/Desktop/dummy2/ignore/exercise (master)
$ git commit -m "Gitignore"
[master (root-commit) 867d063] Gitignore
 1 file changed, 1 insertion(+)
 create mode 100644 .gitignore

JahnaviP@LAPTOP-S6BL64S9 MINGW64 ~/Desktop/dummy2/ignore/exercise (master)
$ git add file1.txt
warning: in the working copy of 'file1.txt', LF will be replaced by CRLF the next time Git touches it

JahnaviP@LAPTOP-S6BL64S9 MINGW64 ~/Desktop/dummy2/ignore/exercise (master)
$ git commit -m "file1.txt"
[master d017858] file1.txt
 1 file changed, 1 insertion(+)
 create mode 100644 file1.txt

JahnaviP@LAPTOP-S6BL64S9 MINGW64 ~/Desktop/dummy2/ignore/exercise (master)
$ vi .gitignore

JahnaviP@LAPTOP-S6BL64S9 MINGW64 ~/Desktop/dummy2/ignore/exercise (master)
$ git status
On branch master
Changes not staged for commit:
  (use "git add <file>..." to update what will be committed)
  (use "git restore <file>..." to discard changes in working directory)
        modified:   .gitignore

no changes added to commit (use "git add" and/or "git commit -a")

JahnaviP@LAPTOP-S6BL64S9 MINGW64 ~/Desktop/dummy2/ignore/exercise (master)
$ cat file1.txt
hello

JahnaviP@LAPTOP-S6BL64S9 MINGW64 ~/Desktop/dummy2/ignore/exercise (master)
$ echo "HELLO" > file1.txt

JahnaviP@LAPTOP-S6BL64S9 MINGW64 ~/Desktop/dummy2/ignore/exercise (master)
$ git status
On branch master
Changes not staged for commit:
  (use "git add <file>..." to update what will be committed)
  (use "git restore <file>..." to discard changes in working directory)
        modified:   .gitignore
        modified:   file1.txt

no changes added to commit (use "git add" and/or "git commit -a")

JahnaviP@LAPTOP-S6BL64S9 MINGW64 ~/Desktop/dummy2/ignore/exercise (master)
$ touch file2.txt

JahnaviP@LAPTOP-S6BL64S9 MINGW64 ~/Desktop/dummy2/ignore/exercise (master)
$ git status
On branch master
Changes not staged for commit:
  (use "git add <file>..." to update what will be committed)
  (use "git restore <file>..." to discard changes in working directory)
        modified:   .gitignore
        modified:   file1.txt

no changes added to commit (use "git add" and/or "git commit -a")

JahnaviP@LAPTOP-S6BL64S9 MINGW64 ~/Desktop/dummy2/ignore/exercise (master)
$ git rm --cached file1.txt
rm 'file1.txt'

JahnaviP@LAPTOP-S6BL64S9 MINGW64 ~/Desktop/dummy2/ignore/exercise (master)
$ git status
On branch master
Changes to be committed:
  (use "git restore --staged <file>..." to unstage)
        deleted:    file1.txt

Changes not staged for commit:
  (use "git add <file>..." to update what will be committed)
  (use "git restore <file>..." to discard changes in working directory)
        modified:   .gitignore


JahnaviP@LAPTOP-S6BL64S9 MINGW64 ~/Desktop/dummy2/ignore/exercise (master)
$ vi .gitignore

JahnaviP@LAPTOP-S6BL64S9 MINGW64 ~/Desktop/dummy2/ignore/exercise (master)
$ git status
On branch master
Changes to be committed:
  (use "git restore --staged <file>..." to unstage)
        deleted:    file1.txt

Changes not staged for commit:
  (use "git add <file>..." to update what will be committed)
  (use "git restore <file>..." to discard changes in working directory)
        modified:   .gitignore

Untracked files:
  (use "git add <file>..." to include in what will be committed)
        file2.txt


--------------------------------------------------------------------------------------------------------------------------------------
