RESET

JahnaviP@LAPTOP-S6BL64S9 MINGW64 ~/Desktop/dummy2 (master)
$ cd reset

JahnaviP@LAPTOP-S6BL64S9 MINGW64 ~/Desktop/dummy2/reset (master)
$ source setup.sh
Initialized empty Git repository in C:/Users/JahnaviP/Desktop/dummy2/reset/exercise/.git/
warning: in the working copy of '1.txt', LF will be replaced by CRLF the next time Git touches it
[master (root-commit) 97e859b] 1
 1 file changed, 1 insertion(+)
 create mode 100644 1.txt
warning: in the working copy of '2.txt', LF will be replaced by CRLF the next time Git touches it
[master cb1160f] 2
 1 file changed, 1 insertion(+)
 create mode 100644 2.txt
warning: in the working copy of '3.txt', LF will be replaced by CRLF the next time Git touches it
[master 0d7b1e6] 3
 1 file changed, 1 insertion(+)
 create mode 100644 3.txt
warning: in the working copy of '4.txt', LF will be replaced by CRLF the next time Git touches it
[master 9e6e900] 4
 1 file changed, 1 insertion(+)
 create mode 100644 4.txt
warning: in the working copy of '5.txt', LF will be replaced by CRLF the next time Git touches it
[master 3357586] 5
 1 file changed, 1 insertion(+)
 create mode 100644 5.txt
warning: in the working copy of '6.txt', LF will be replaced by CRLF the next time Git touches it
[master 3d93b51] 6
 1 file changed, 1 insertion(+)
 create mode 100644 6.txt
warning: in the working copy of '7.txt', LF will be replaced by CRLF the next time Git touches it
[master b78ad2e] 7
 1 file changed, 1 insertion(+)
 create mode 100644 7.txt
warning: in the working copy of '8.txt', LF will be replaced by CRLF the next time Git touches it
[master 9305c28] 8
 1 file changed, 1 insertion(+)
 create mode 100644 8.txt
warning: in the working copy of '9.txt', LF will be replaced by CRLF the next time Git touches it
[master aa03bea] 9
 1 file changed, 1 insertion(+)
 create mode 100644 9.txt
warning: in the working copy of '10.txt', LF will be replaced by CRLF the next time Git touches it
[master 9936d98] 10
 1 file changed, 1 insertion(+)
 create mode 100644 10.txt

JahnaviP@LAPTOP-S6BL64S9 MINGW64 ~/Desktop/dummy2/reset/exercise (master)
$ ls
1.txt  10.txt  2.txt  3.txt  4.txt  5.txt  6.txt  7.txt  8.txt  9.txt

JahnaviP@LAPTOP-S6BL64S9 MINGW64 ~/Desktop/dummy2/reset/exercise (master)
$ git log
commit 9936d9887133b687a464cb762b8968460118b626 (HEAD -> master)
Author: Jahnavi Peddineni <jahnavi.peddineni@zemosolabs.com>
Date:   Wed Nov 9 16:49:16 2022 +0530

    10

commit aa03bea2854de1495fe8551e7507db8713a89844
Author: Jahnavi Peddineni <jahnavi.peddineni@zemosolabs.com>
Date:   Wed Nov 9 16:49:15 2022 +0530

    9

commit 9305c2886387abc0d6ed6dfd22b2c906aa5840c5
Author: Jahnavi Peddineni <jahnavi.peddineni@zemosolabs.com>
Date:   Wed Nov 9 16:49:15 2022 +0530

    8

commit b78ad2ee5c48275f1f843fe5c9b73c405c62abeb
Author: Jahnavi Peddineni <jahnavi.peddineni@zemosolabs.com>
Date:   Wed Nov 9 16:49:15 2022 +0530

    7

JahnaviP@LAPTOP-S6BL64S9 MINGW64 ~/Desktop/dummy2/reset/exercise (master)
$ git stage
Nothing specified, nothing added.
hint: Maybe you wanted to say 'git add .'?
hint: Turn this message off by running
hint: "git config advice.addEmptyPathspec false"

JahnaviP@LAPTOP-S6BL64S9 MINGW64 ~/Desktop/dummy2/reset/exercise (master)
$ git diff --staging
error: invalid option: --staging

JahnaviP@LAPTOP-S6BL64S9 MINGW64 ~/Desktop/dummy2/reset/exercise (master)
$ git diff --stagged
error: invalid option: --stagged

JahnaviP@LAPTOP-S6BL64S9 MINGW64 ~/Desktop/dummy2/reset/exercise (master)
$ git diff --staged

JahnaviP@LAPTOP-S6BL64S9 MINGW64 ~/Desktop/dummy2/reset/exercise (master)
$ git reset --soft HEAD~1

JahnaviP@LAPTOP-S6BL64S9 MINGW64 ~/Desktop/dummy2/reset/exercise (master)
$ git reset --mixed HEAD~1

JahnaviP@LAPTOP-S6BL64S9 MINGW64 ~/Desktop/dummy2/reset/exercise (master)
$ git reset --hard HEAD~1
HEAD is now at b78ad2e 7

JahnaviP@LAPTOP-S6BL64S9 MINGW64 ~/Desktop/dummy2/reset/exercise (master)
$ ls
1.txt  10.txt  2.txt  3.txt  4.txt  5.txt  6.txt  7.txt  9.txt

JahnaviP@LAPTOP-S6BL64S9 MINGW64 ~/Desktop/dummy2/reset/exercise (master)
$ git log
commit b78ad2ee5c48275f1f843fe5c9b73c405c62abeb (HEAD -> master)
Author: Jahnavi Peddineni <jahnavi.peddineni@zemosolabs.com>
Date:   Wed Nov 9 16:49:15 2022 +0530

    7

commit 3d93b5190563c6dbd5fe472b83e5bc58637af5b7
Author: Jahnavi Peddineni <jahnavi.peddineni@zemosolabs.com>
Date:   Wed Nov 9 16:49:15 2022 +0530

    6

commit 33575860513cc1283749626bd422f1e84c6be187
Author: Jahnavi Peddineni <jahnavi.peddineni@zemosolabs.com>
Date:   Wed Nov 9 16:49:14 2022 +0530

    5

commit 9e6e900ec093b2818f0f7d99efdc6407ec9928b8
Author: Jahnavi Peddineni <jahnavi.peddineni@zemosolabs.com>
Date:   Wed Nov 9 16:49:14 2022 +0530

    4

JahnaviP@LAPTOP-S6BL64S9 MINGW64 ~/Desktop/dummy2/reset/exercise (master)
$ git stage
Nothing specified, nothing added.
hint: Maybe you wanted to say 'git add .'?
hint: Turn this message off by running
hint: "git config advice.addEmptyPathspec false"

JahnaviP@LAPTOP-S6BL64S9 MINGW64 ~/Desktop/dummy2/reset/exercise (master)
$ git status
On branch master
Untracked files:
  (use "git add <file>..." to include in what will be committed)
        10.txt
        9.txt

nothing added to commit but untracked files present (use "git add" to track)

JahnaviP@LAPTOP-S6BL64S9 MINGW64 ~/Desktop/dummy2/reset/exercise (master)
$ git revert HEAD~1
[master 57faf86] Revert "6"
 1 file changed, 1 deletion(-)
 delete mode 100644 6.txt

JahnaviP@LAPTOP-S6BL64S9 MINGW64 ~/Desktop/dummy2/reset/exercise (master)
$ git status
On branch master
Untracked files:
  (use "git add <file>..." to include in what will be committed)
        10.txt
        9.txt

nothing added to commit but untracked files present (use "git add" to track)

JahnaviP@LAPTOP-S6BL64S9 MINGW64 ~/Desktop/dummy2/reset/exercise (master)
$ git log
commit 57faf864aec867356c07eb788ba699adae3eea4d (HEAD -> master)
Author: Jahnavi Peddineni <jahnavi.peddineni@zemosolabs.com>
Date:   Wed Nov 9 17:00:42 2022 +0530

    Revert "6"

    This reverts commit 3d93b5190563c6dbd5fe472b83e5bc58637af5b7.

    This is very important

commit b78ad2ee5c48275f1f843fe5c9b73c405c62abeb
Author: Jahnavi Peddineni <jahnavi.peddineni@zemosolabs.com>
Date:   Wed Nov 9 16:49:15 2022 +0530

    7

commit 3d93b5190563c6dbd5fe472b83e5bc58637af5b7
Author: Jahnavi Peddineni <jahnavi.peddineni@zemosolabs.com>
Date:   Wed Nov 9 16:49:15 2022 +0530

    6

commit 33575860513cc1283749626bd422f1e84c6be187

JahnaviP@LAPTOP-S6BL64S9 MINGW64 ~/Desktop/dummy2/reset/exercise (master)
$ git stage
Nothing specified, nothing added.
hint: Maybe you wanted to say 'git add .'?
hint: Turn this message off by running
hint: "git config advice.addEmptyPathspec false"

--------------------------------------------------------------------------------------------------------------------------------------
